// Jest Snapshot v1, https://goo.gl/fbAQLP

exports[`should render correctly  1`] = `
<div>
  <Connect(ExpensesListSummary) />
  <Connect(ExpenseListFilter) />
  <Connect(ExpenseList) />
</div>
`;
