// Jest Snapshot v1, https://goo.gl/fbAQLP

exports[`ExpenseListItem to render correctly  1`] = `
<div>
  <NavLink
    to="/edit/1"
  >
     
    <h3>
      Gum
    </h3>
  </NavLink>
  <p>
    â‚ª1.95
    -
    January 1st, 1970
  </p>
</div>
`;
